
> empreendedorismo-backend@1.0.0 build
> tsc

src/services/stripeService.ts(31,44): error TS2769: No overload matches this call.
  Overload 1 of 2, '(id: string, params?: PaymentIntentCaptureParams | undefined, options?: RequestOptions | undefined): Promise<Response<PaymentIntent>>', gave the following error.
    Argument of type '{ amount_to_capture: number | undefined; }' is not assignable to parameter of type 'PaymentIntentCaptureParams' with 'exactOptionalPropertyTypes: true'. Consider adding 'undefined' to the types of the target's properties.
      Types of property 'amount_to_capture' are incompatible.
        Type 'number | undefined' is not assignable to type 'number'.
          Type 'undefined' is not assignable to type 'number'.
  Overload 2 of 2, '(id: string, options?: RequestOptions | undefined): Promise<Response<PaymentIntent>>', gave the following error.
    Object literal may only specify known properties, and 'amount_to_capture' does not exist in type 'RequestOptions'.
